============================= test session starts =============================
platform win32 -- Python 3.13.2, pytest-8.3.5, pluggy-1.5.0
PyQt6 6.9.0 -- Qt runtime 6.9.0 -- Qt compiled 6.9.0
rootdir: C:\Users\Oficina\Documents\Proyectos\stock.app
plugins: cov-6.1.1, qt-4.4.0
collected 412 items

tests\compras\test_compras.py FFF                                        [  0%]
tests\compras\test_pedidos_controller.py EFEF                            [  1%]
tests\compras\test_pedidos_model.py EEE                                  [  2%]
tests\configuracion\test_configuracion_controller.py ................... [  7%]
..FFF                                                                    [  8%]
tests\contabilidad\test_contabilidad.py ...                              [  8%]
tests\contabilidad\test_contabilidad_integracion.py .                    [  9%]
tests\herrajes\test_herrajes_integracion.py ...                          [  9%]
tests\herrajes\test_herrajes_model.py .........                          [ 12%]
tests\inventario\test_inventario.py .....F.FFF.............F..FF..       [ 19%]
tests\inventario\test_inventario_campos.py .                             [ 19%]
tests\inventario\test_inventario_integracion.py .FF..F                   [ 21%]
tests\inventario\test_inventario_integration.py ...                      [ 21%]
tests\inventario\test_inventario_realtime.py .                           [ 22%]
tests\inventario\test_inventario_ui.py ..
